'CAP NP_SC0603_1UF' 'capnp_sc0603_1uf.txt';
'CAP NP_SC0805_1UF' 'capnp_sc0805_1uf.txt';
'CAPACITOR NON-POL_SC0603_1NF' 'capacitornon-pol_sc0603_1nf.txt';
'T POINT A_GND40_SK1_SR_IN' 'tpointa_gnd40_sk1_sr_in.txt';
'CAPACITOR NON-POL_SC0603_1UF' 'capacitornon-pol_sc0603_1uf.txt';
'T POINT A_GND40_SK2_SR_IN' 'tpointa_gnd40_sk2_sr_in.txt';
'CAP NP_CHV_47N' 'capnp_chv_47n.txt';
'R_SR0603_1.5K' 'r_sr0603_15k.txt';
'R_SR0603_6.4K' 'r_sr0603_64k.txt';
'TEST POINT_GND40_TEST POINT' 'testpoint_gnd40_testpoint.txt';
'T POINT A_GND40_SK1_END_READOUT' 'tpointa_gnd40_sk1_end_readou.txt';
'T POINT A_GND40_SK2_END_READOUT' 'tpointa_gnd40_sk2_end_readou.txt';
'TEST POINT_TP-40-SMD_TEST POINT' 'testpoint_tp-40-smd_testpoin.txt';
'CAP NP_SC0603_10UF' 'capnp_sc0603_10uf.txt';
'CAP NP_SC0603_0.1UF' 'capnp_sc0603_01uf.txt';
'T POINT A_GND40_SK1_VTH0' 'tpointa_gnd40_sk1_vth0.txt';
'T POINT A_GND40_SK1_VTH1' 'tpointa_gnd40_sk1_vth1.txt';
'T POINT A_GND40_SK1_END_READO_1' 'tpointa_gnd40_sk1_end_reado_.txt';
'T POINT A_GND40_SK2_VTH0' 'tpointa_gnd40_sk2_vth0.txt';
'T POINT A_GND40_SK2_VTH1' 'tpointa_gnd40_sk2_vth1.txt';
'T POINT A_GND40_SK2_END_READO_1' 'tpointa_gnd40_sk2_end_reado_.txt';
'CAP NP_CT1206_47UF' 'capnp_ct1206_47uf.txt';
'T POINT A_GND40_SK1_START_READO' 'tpointa_gnd40_sk1_start_read.txt';
'T POINT A_GND40_SK2_START_READO' 'tpointa_gnd40_sk2_start_read.txt';
'ADG741_3_SOT65P210X110-5N_ADG74' 'adg741_3_sot65p210x110-5n_ad.txt';
'TLV5618_TLV5618_D_DFP_TLV5618AM' 'tlv5618_tlv5618_d_dfp_tlv561.txt';
'T POINT A_GND40_SK1_SROUT_READ' 'tpointa_gnd40_sk1_srout_read.txt';
'T POINT A_GND40_SK2_SROUT_READ' 'tpointa_gnd40_sk2_srout_read.txt';
'4 HEADER_SIP-4P-156_POWER IN' '4header_sip-4p-156_powerin.txt';
'T POINT A_GND40_SK2_V_BG' 'tpointa_gnd40_sk2_v_bg.txt';
'T POINT A_GND40_SK1_START_CONVB' 'tpointa_gnd40_sk1_start_conv.txt';
'LM6142_LM6142_DFP_LM6142AMJ-QML' 'lm6142_lm6142_dfp_lm6142amj-.txt';
'T POINT A_GND40_SK2_START_CONVB' 'tpointa_gnd40_sk2_start_conv.txt';
'T POINT A_GND40_SK1_START_REA_1' 'tpointa_gnd40_sk1_start_rea_.txt';
'T POINT A_GND40_SK2_START_REA_1' 'tpointa_gnd40_sk2_start_rea_.txt';
'RESISTOR_SR0603_1.5K' 'resistor_sr0603_15k.txt';
'T POINT A_GND40_SK1_SR_OUT' 'tpointa_gnd40_sk1_sr_out.txt';
'T POINT A_GND40_SK2_SR_OUT' 'tpointa_gnd40_sk2_sr_out.txt';
'C_SC0603_0.01UF' 'c_sc0603_001uf.txt';
'SI_PIN DETECTOR_S5980_S5980' 'si_pindetector_s5980_s5980.txt';
'SKIROC2_SKIROC2_(S1+S2+S3+S4+S5' 'skiroc2_skiroc2_s1s2s3s4s5.txt';
'C11204-01_C11204_01_C11204-01' 'c11204-01_c11204_01_c11204-0.txt';
'T POINT A_GND40_SK1_SRIN_READ' 'tpointa_gnd40_sk1_srin_read.txt';
'CAP NP_SC0603_0.1U' 'capnp_sc0603_01u.txt';
'T POINT A_GND40_SK2_SRIN_READ' 'tpointa_gnd40_sk2_srin_read.txt';
'CAPACITOR NON-POL_SC0603_10N' 'capacitornon-pol_sc0603_10n.txt';
'T POINT A_GND40_SK1_START_ACQ' 'tpointa_gnd40_sk1_start_acq.txt';
'T POINT A_GND40_SK2_START_ACQ' 'tpointa_gnd40_sk2_start_acq.txt';
'C_SC0603_0.1U' 'c_sc0603_01u.txt';
