Copyright 1986-2018 Xilinx, Inc. All Rights Reserved.
-------------------------------------------------------------------------------------------
| Tool Version      : Vivado v.2018.1 (win64) Build 2188600 Wed Apr  4 18:40:38 MDT 2018
| Date              : Mon Jul 30 19:59:44 2018
| Host              : WYU running 64-bit major release  (build 9200)
| Command           : report_clock_utilization -file FPGA_Top_clock_utilization_routed.rpt
| Design            : FPGA_Top
| Device            : 7a100t-fgg484
| Speed File        : -2L  PRODUCTION 1.21 2018-02-08
| Temperature Grade : E
-------------------------------------------------------------------------------------------

Clock Utilization Report

Table of Contents
-----------------
1. Clock Primitive Utilization
2. Global Clock Resources
3. Global Clock Source Details
4. Local Clock Details
5. Clock Regions: Key Resource Utilization
6. Clock Regions : Global Clock Summary
7. Device Cell Placement Summary for Global Clock g0
8. Device Cell Placement Summary for Global Clock g1
9. Device Cell Placement Summary for Global Clock g2
10. Device Cell Placement Summary for Global Clock g3
11. Device Cell Placement Summary for Global Clock g4
12. Device Cell Placement Summary for Global Clock g5
13. Clock Region Cell Placement per Global Clock: Region X0Y1
14. Clock Region Cell Placement per Global Clock: Region X1Y1
15. Clock Region Cell Placement per Global Clock: Region X0Y2
16. Clock Region Cell Placement per Global Clock: Region X1Y2

1. Clock Primitive Utilization
------------------------------

+----------+------+-----------+-----+--------------+--------+
| Type     | Used | Available | LOC | Clock Region | Pblock |
+----------+------+-----------+-----+--------------+--------+
| BUFGCTRL |    6 |        32 |   0 |            0 |      0 |
| BUFH     |    0 |        96 |   0 |            0 |      0 |
| BUFIO    |    0 |        24 |   0 |            0 |      0 |
| BUFMR    |    0 |        12 |   0 |            0 |      0 |
| BUFR     |    0 |        24 |   0 |            0 |      0 |
| MMCM     |    1 |         6 |   0 |            0 |      0 |
| PLL      |    0 |         6 |   0 |            0 |      0 |
+----------+------+-----------+-----+--------------+--------+


2. Global Clock Resources
-------------------------

+-----------+-----------+-----------------+------------+----------------+--------------+-------------------+-------------+-----------------+--------------+----------+--------------------------------+-------------------------+
| Global Id | Source Id | Driver Type/Pin | Constraint | Site           | Clock Region | Load Clock Region | Clock Loads | Non-Clock Loads | Clock Period | Clock    | Driver Pin                     | Net                     |
+-----------+-----------+-----------------+------------+----------------+--------------+-------------------+-------------+-----------------+--------------+----------+--------------------------------+-------------------------+
| g0        | src0      | BUFG/O          | None       | BUFGCTRL_X0Y16 | n/a          |                 4 |        8475 |               2 |       25.000 | Mmcm40M  | ClockGenerator/BUFG_40M/O      | ClockGenerator/Clk      |
| g1        | src0      | BUFG/O          | None       | BUFGCTRL_X0Y17 | n/a          |                 4 |         497 |               2 |      200.000 | Mmcm5M   | ClockGenerator/BUFG_5M/O       | ClockGenerator/Clk5M    |
| g2        | src0      | BUFG/O          | None       | BUFGCTRL_X0Y19 | n/a          |                 2 |         260 |               0 |       10.000 | Mmcm100M | ClockGenerator/BUFG_SyncClk/O  | ClockGenerator/SyncClk  |
| g3        | src1      | BUFG/O          | None       | BUFGCTRL_X0Y18 | n/a          |                 2 |         202 |               2 |       20.833 | CLKOUT   | ClockGenerator/BUFG_IFCLK/O    | ClockGenerator/CLK      |
| g4        | src2      | BUFG/O          | None       | BUFGCTRL_X0Y0  | n/a          |                 1 |         104 |               1 |              |          | START_ACQ_reg_i_1/O            | MicrorocDaq/SingleStart |
| g5        | src3      | BUFG/O          | None       | BUFGCTRL_X0Y1  | n/a          |                 2 |           0 |               2 |          n/a | n/a      | TriggerSwitcher/BUFG_TRIGGER/O | TriggerSwitcher/D[0]    |
+-----------+-----------+-----------------+------------+----------------+--------------+-------------------+-------------+-----------------+--------------+----------+--------------------------------+-------------------------+
* Clock Loads column represents the clock pin loads (pin count)
** Non-Clock Loads column represents the non-clock pin loads (pin count)


3. Global Clock Source Details
------------------------------

+-----------+-----------+--------------------+------------+-----------------+--------------+-------------+-----------------+---------------------+--------------+--------------------------------------------------+-----------------------------------------------+
| Source Id | Global Id | Driver Type/Pin    | Constraint | Site            | Clock Region | Clock Loads | Non-Clock Loads | Source Clock Period | Source Clock | Driver Pin                                       | Net                                           |
+-----------+-----------+--------------------+------------+-----------------+--------------+-------------+-----------------+---------------------+--------------+--------------------------------------------------+-----------------------------------------------+
| src0      | g2        | MMCME2_ADV/CLKOUT3 | None       | MMCME2_ADV_X1Y2 | X1Y2         |           1 |               0 |              10.000 | Mmcm100M     | ClockGenerator/MMCME2_BASE_inst/CLKOUT3          | ClockGenerator/Mmcm100M                       |
| src0      | g0        | MMCME2_ADV/CLKOUT1 | None       | MMCME2_ADV_X1Y2 | X1Y2         |           1 |               0 |              25.000 | Mmcm40M      | ClockGenerator/MMCME2_BASE_inst/CLKOUT1          | ClockGenerator/Mmcm40M                        |
| src0      | g1        | MMCME2_ADV/CLKOUT2 | None       | MMCME2_ADV_X1Y2 | X1Y2         |           1 |               0 |             200.000 | Mmcm5M       | ClockGenerator/MMCME2_BASE_inst/CLKOUT2          | ClockGenerator/Mmcm5M                         |
| src1      | g3        | IBUF/O             | IOB_X1Y126 | IOB_X1Y126      | X1Y2         |           1 |               0 |              20.833 | CLKOUT       | CLKOUT_IBUF_inst/O                               | CLKOUT_IBUF                                   |
| src2      | g4        | LUT2/O             | None       | SLICE_X51Y87    | X0Y1         |           1 |               0 |                     |              | TriggerSwitcher/START_ACQ_i_3/O                  | TriggerSwitcher/TrigCounter_reg[23]           |
| src3      | g5        | MUXF7/O            | None       | SLICE_X35Y88    | X0Y1         |           1 |               0 |                     |              | Command/TriggerCoincidenceSet/BUFG_TRIGGER_i_1/O | Command/TriggerCoincidenceSet/TriggerSelected |
+-----------+-----------+--------------------+------------+-----------------+--------------+-------------+-----------------+---------------------+--------------+--------------------------------------------------+-----------------------------------------------+
* Clock Loads column represents the clock pin loads (pin count)
** Non-Clock Loads column represents the non-clock pin loads (pin count)


4. Local Clock Details
----------------------

+----------+-----------------+------------+--------------------+--------------+-------------+-----------------+--------------+---------+----------------------------------------------------------+---------------------------------------------+
| Local Id | Driver Type/Pin | Constraint | Site/BEL           | Clock Region | Clock Loads | Non-Clock Loads | Clock Period | Clock   | Driver Pin                                               | Net                                         |
+----------+-----------------+------------+--------------------+--------------+-------------+-----------------+--------------+---------+----------------------------------------------------------+---------------------------------------------||
| 0        | LUT1/O          | None       | SLICE_X58Y67/A6LUT | X1Y1         |          24 |               0 |       25.000 | Mmcm40M | UsbDataFifo_i_2/O                                        | UsbDataFifo_i_2_n_0                         - Static -
| 1        | FDCE/Q          | None       | SLICE_X55Y71/CFF   | X1Y1         |          10 |               2 |              |         | Acquisition/AD9220Control/Ad9220Control/data_ready_reg/Q | Acquisition/AD9220Control/Ad9220Control/CLK - Static -
| 2        | LUT1/O          | None       | SLICE_X43Y93/A6LUT | X0Y1         |           8 |               0 |      200.000 | Mmcm5M  | ConfigParameter_i_1/O                                    | ConfigParameter_i_1_n_0                     - Static -
| 3        | LUT1/O          | None       | SLICE_X70Y78/A6LUT | X1Y1         |           4 |               0 |       20.833 | CLKOUT  | UsbDataFifo_i_3/O                                        | UsbDataFifo_i_3_n_0                         - Static -
+----------+-----------------+------------+--------------------+--------------+-------------+-----------------+--------------+---------+----------------------------------------------------------+---------------------------------------------||
* Local Clocks in this context represents only clocks driven by non-global buffers
** Clock Loads column represents the clock pin loads (pin count)
*** Non-Clock Loads column represents the non-clock pin loads (pin count)


5. Clock Regions: Key Resource Utilization
------------------------------------------

+-------------------+--------------+--------------+--------------+--------------+--------------+--------------+--------------+--------------+--------------+--------------+--------------+--------------+--------------+--------------+--------------+
|                   | Global Clock |     BUFRs    |    BUFMRs    |    BUFIOs    |     MMCM     |      PLL     |      GT      |      PCI     |    ILOGIC    |    OLOGIC    |      FF      |     LUTM     |    RAMB18    |    RAMB36    |    DSP48E2   |
+-------------------+------+-------+------+-------+------+-------+------+-------+------+-------+------+-------+------+-------+------+-------+------+-------+------+-------+------+-------+------+-------+------+-------+------+-------+------+-------+
| Clock Region Name | Used | Avail | Used | Avail | Used | Avail | Used | Avail | Used | Avail | Used | Avail | Used | Avail | Used | Avail | Used | Avail | Used | Avail | Used | Avail | Used | Avail | Used | Avail | Used | Avail | Used | Avail |
+-------------------+------+-------+------+-------+------+-------+------+-------+------+-------+------+-------+------+-------+------+-------+------+-------+------+-------+------+-------+------+-------+------+-------+------+-------+------+-------+
| X0Y0              |    0 |    12 |    0 |     4 |    0 |     2 |    0 |     4 |    0 |     1 |    0 |     1 |    0 |     0 |    0 |     0 |    0 |    50 |    0 |    50 |    0 |  2600 |    0 |   600 |    0 |    20 |    0 |    10 |    0 |    20 |
| X1Y0              |    0 |    12 |    0 |     0 |    0 |     0 |    0 |     0 |    0 |     0 |    0 |     0 |    0 |     4 |    0 |     0 |    0 |     0 |    0 |     0 |    0 |  1500 |    0 |   550 |    0 |    40 |    0 |    20 |    0 |    40 |
| X0Y1              |    5 |    12 |    0 |     4 |    0 |     2 |    0 |     4 |    0 |     1 |    0 |     1 |    0 |     0 |    0 |     0 |    0 |    50 |    0 |    50 | 2205 |  2000 |  672 |   600 |    2 |    20 |    0 |    10 |    0 |    20 |
| X1Y1              |    3 |    12 |    0 |     4 |    0 |     2 |    0 |     4 |    0 |     1 |    0 |     1 |    0 |     0 |    0 |     0 |    0 |    50 |    0 |    50 | 1132 |  1900 |  445 |   650 |    1 |    60 |    4 |    30 |    0 |    40 |
| X0Y2              |    2 |    12 |    0 |     4 |    0 |     2 |    0 |     4 |    0 |     1 |    0 |     1 |    0 |     0 |    0 |     0 |    0 |    50 |    0 |    50 | 3592 |  2000 | 1005 |   600 |    0 |    20 |    0 |    10 |    0 |    20 |
| X1Y2              |    5 |    12 |    0 |     4 |    0 |     2 |    0 |     4 |    0 |     1 |    0 |     1 |    0 |     0 |    0 |     0 |    0 |    50 |    0 |    50 | 2601 |  1900 |  992 |   650 |    0 |    60 |    0 |    30 |    0 |    40 |
| X0Y3              |    0 |    12 |    0 |     4 |    0 |     2 |    0 |     4 |    0 |     1 |    0 |     1 |    0 |     0 |    0 |     0 |    0 |    50 |    0 |    50 |    0 |  2600 |    0 |   600 |    0 |    20 |    0 |    10 |    0 |    20 |
| X1Y3              |    0 |    12 |    0 |     0 |    0 |     0 |    0 |     0 |    0 |     0 |    0 |     0 |    0 |     4 |    0 |     1 |    0 |     0 |    0 |     0 |    0 |  1350 |    0 |   500 |    0 |    30 |    0 |    15 |    0 |    40 |
+-------------------+------+-------+------+-------+------+-------+------+-------+------+-------+------+-------+------+-------+------+-------+------+-------+------+-------+------+-------+------+-------+------+-------+------+-------+------+-------+
* Global Clock column represents track count; while other columns represents cell counts


6. Clock Regions : Global Clock Summary
---------------------------------------

All Modules
+----+----+----+
|    | X0 | X1 |
+----+----+----+
| Y3 |  0 |  0 |
| Y2 |  2 |  5 |
| Y1 |  5 |  3 |
| Y0 |  0 |  0 |
+----+----+----+


7. Device Cell Placement Summary for Global Clock g0
----------------------------------------------------

+-----------+-----------------+-------------------+---------+-------------+----------------+-------------+----------+----------------+----------+--------------------+
| Global Id | Driver Type/Pin | Driver Region (D) | Clock   | Period (ns) | Waveform (ns)  | Slice Loads | IO Loads | Clocking Loads | GT Loads | Net                |
+-----------+-----------------+-------------------+---------+-------------+----------------+-------------+----------+----------------+----------+--------------------+
| g0        | BUFG/O          | n/a               | Mmcm40M |      25.000 | {0.000 12.500} |        8471 |        1 |              0 |        0 | ClockGenerator/Clk |
+-----------+-----------------+-------------------+---------+-------------+----------------+-------------+----------+----------------+----------+--------------------+
* Logic Loads column represents load cell count of all cell types other than IO, GT and clock resources
** IO Loads column represents load cell count of IO types
*** Clocking Loads column represents load cell count that are clock resources (global clock buffer, MMCM, PLL, etc)
**** GT Loads column represents load cell count of GT types


+----+-------+-------+
|    | X0    | X1    |
+----+-------+-------+
| Y3 |     0 |     0 |
| Y2 |  3592 |  2334 |
| Y1 |  1702 |   844 |
| Y0 |     0 |     0 |
+----+-------+-------+


8. Device Cell Placement Summary for Global Clock g1
----------------------------------------------------

+-----------+-----------------+-------------------+--------+-------------+-----------------+-------------+----------+----------------+----------+----------------------+
| Global Id | Driver Type/Pin | Driver Region (D) | Clock  | Period (ns) | Waveform (ns)   | Slice Loads | IO Loads | Clocking Loads | GT Loads | Net                  |
+-----------+-----------------+-------------------+--------+-------------+-----------------+-------------+----------+----------------+----------+----------------------+
| g1        | BUFG/O          | n/a               | Mmcm5M |     200.000 | {0.000 100.000} |         498 |        1 |              0 |        0 | ClockGenerator/Clk5M |
+-----------+-----------------+-------------------+--------+-------------+-----------------+-------------+----------+----------------+----------+----------------------+
* Logic Loads column represents load cell count of all cell types other than IO, GT and clock resources
** IO Loads column represents load cell count of IO types
*** Clocking Loads column represents load cell count that are clock resources (global clock buffer, MMCM, PLL, etc)
**** GT Loads column represents load cell count of GT types


+----+------+-----+
|    | X0   | X1  |
+----+------+-----+
| Y3 |    0 |   0 |
| Y2 |    2 |  13 |
| Y1 |  396 |  88 |
| Y0 |    0 |   0 |
+----+------+-----+


9. Device Cell Placement Summary for Global Clock g2
----------------------------------------------------

+-----------+-----------------+-------------------+----------+-------------+---------------+-------------+----------+----------------+----------+------------------------+
| Global Id | Driver Type/Pin | Driver Region (D) | Clock    | Period (ns) | Waveform (ns) | Slice Loads | IO Loads | Clocking Loads | GT Loads | Net                    |
+-----------+-----------------+-------------------+----------+-------------+---------------+-------------+----------+----------------+----------+------------------------+
| g2        | BUFG/O          | n/a               | Mmcm100M |      10.000 | {0.000 5.000} |         260 |        0 |              0 |        0 | ClockGenerator/SyncClk |
+-----------+-----------------+-------------------+----------+-------------+---------------+-------------+----------+----------------+----------+------------------------+
* Logic Loads column represents load cell count of all cell types other than IO, GT and clock resources
** IO Loads column represents load cell count of IO types
*** Clocking Loads column represents load cell count that are clock resources (global clock buffer, MMCM, PLL, etc)
**** GT Loads column represents load cell count of GT types


+----+----+------+
|    | X0 | X1   |
+----+----+------+
| Y3 |  0 |    0 |
| Y2 |  0 |  256 |
| Y1 |  4 |    0 |
| Y0 |  0 |    0 |
+----+----+------+


10. Device Cell Placement Summary for Global Clock g3
-----------------------------------------------------

+-----------+-----------------+-------------------+--------+-------------+----------------+-------------+----------+----------------+----------+--------------------+
| Global Id | Driver Type/Pin | Driver Region (D) | Clock  | Period (ns) | Waveform (ns)  | Slice Loads | IO Loads | Clocking Loads | GT Loads | Net                |
+-----------+-----------------+-------------------+--------+-------------+----------------+-------------+----------+----------------+----------+--------------------+
| g3        | BUFG/O          | n/a               | CLKOUT |      20.833 | {0.000 10.417} |         203 |        1 |              0 |        0 | ClockGenerator/CLK |
+-----------+-----------------+-------------------+--------+-------------+----------------+-------------+----------+----------------+----------+--------------------+
* Logic Loads column represents load cell count of all cell types other than IO, GT and clock resources
** IO Loads column represents load cell count of IO types
*** Clocking Loads column represents load cell count that are clock resources (global clock buffer, MMCM, PLL, etc)
**** GT Loads column represents load cell count of GT types


+----+----+------+
|    | X0 | X1   |
+----+----+------+
| Y3 |  0 |    0 |
| Y2 |  0 |    1 |
| Y1 |  0 |  203 |
| Y0 |  0 |    0 |
+----+----+------+


11. Device Cell Placement Summary for Global Clock g4
-----------------------------------------------------

+-----------+-----------------+-------------------+-------+-------------+---------------+-------------+----------+----------------+----------+-------------------------+
| Global Id | Driver Type/Pin | Driver Region (D) | Clock | Period (ns) | Waveform (ns) | Slice Loads | IO Loads | Clocking Loads | GT Loads | Net                     |
+-----------+-----------------+-------------------+-------+-------------+---------------+-------------+----------+----------------+----------+-------------------------+
| g4        | BUFG/O          | n/a               |       |             |               |         105 |        0 |              0 |        0 | MicrorocDaq/SingleStart |
+-----------+-----------------+-------------------+-------+-------------+---------------+-------------+----------+----------------+----------+-------------------------+
* Logic Loads column represents load cell count of all cell types other than IO, GT and clock resources
** IO Loads column represents load cell count of IO types
*** Clocking Loads column represents load cell count that are clock resources (global clock buffer, MMCM, PLL, etc)
**** GT Loads column represents load cell count of GT types


+----+------+----+
|    | X0   | X1 |
+----+------+----+
| Y3 |    0 |  0 |
| Y2 |    0 |  0 |
| Y1 |  105 |  0 |
| Y0 |    0 |  0 |
+----+------+----+


12. Device Cell Placement Summary for Global Clock g5
-----------------------------------------------------

+-----------+-----------------+-------------------+-------+-------------+---------------+-------------+----------+----------------+----------+----------------------+
| Global Id | Driver Type/Pin | Driver Region (D) | Clock | Period (ns) | Waveform (ns) | Slice Loads | IO Loads | Clocking Loads | GT Loads | Net                  |
+-----------+-----------------+-------------------+-------+-------------+---------------+-------------+----------+----------------+----------+----------------------+
| g5        | BUFG/O          | n/a               |       |             |               |           2 |        0 |              0 |        0 | TriggerSwitcher/D[0] |
+-----------+-----------------+-------------------+-------+-------------+---------------+-------------+----------+----------------+----------+----------------------+
* Logic Loads column represents load cell count of all cell types other than IO, GT and clock resources
** IO Loads column represents load cell count of IO types
*** Clocking Loads column represents load cell count that are clock resources (global clock buffer, MMCM, PLL, etc)
**** GT Loads column represents load cell count of GT types


+----+----+----+
|    | X0 | X1 |
+----+----+----+
| Y3 |  0 |  0 |
| Y2 |  0 |  1 |
| Y1 |  1 |  0 |
| Y0 |  0 |  0 |
+----+----+----+


13. Clock Region Cell Placement per Global Clock: Region X0Y1
-------------------------------------------------------------

+-----------+-------+-----------------+------------+-------------+-----------------+------+--------+------+-----+----+------+-----+---------+-------------------------+
| Global Id | Track | Driver Type/Pin | Constraint | Clock Loads | Non-Clock Loads | FF   | LUTRAM | RAMB | DSP | GT | MMCM | PLL | Hard IP | Net                     |
+-----------+-------+-----------------+------------+-------------+-----------------+------+--------+------+-----+----+------+-----+---------+-------------------------+
| g0        | n/a   | BUFG/O          | None       |        1702 |               0 | 1686 |     12 |    2 |   0 |  0 |    0 |   0 |       0 | ClockGenerator/Clk      |
| g1        | n/a   | BUFG/O          | None       |         395 |               1 |  387 |      8 |    0 |   0 |  0 |    0 |   0 |       0 | ClockGenerator/Clk5M    |
| g2        | n/a   | BUFG/O          | None       |           4 |               0 |    4 |      0 |    0 |   0 |  0 |    0 |   0 |       0 | ClockGenerator/SyncClk  |
| g4        | n/a   | BUFG/O          | None       |         104 |               1 |  105 |      0 |    0 |   0 |  0 |    0 |   0 |       0 | MicrorocDaq/SingleStart |
| g5        | n/a   | BUFG/O          | None       |           0 |               1 |    1 |      0 |    0 |   0 |  0 |    0 |   0 |       0 | TriggerSwitcher/D[0]    |
+-----------+-------+-----------------+------------+-------------+-----------------+------+--------+------+-----+----+------+-----+---------+-------------------------+
* Clock Loads column represents the clock pin loads (pin count)
** Non-Clock Loads column represents the non-clock pin loads (pin count)
*** Columns FF, LUTRAM, RAMB through 'Hard IP' represents load cell counts


14. Clock Region Cell Placement per Global Clock: Region X1Y1
-------------------------------------------------------------

+-----------+-------+-----------------+------------+-------------+-----------------+-----+--------+------+-----+----+------+-----+---------+----------------------+
| Global Id | Track | Driver Type/Pin | Constraint | Clock Loads | Non-Clock Loads | FF  | LUTRAM | RAMB | DSP | GT | MMCM | PLL | Hard IP | Net                  |
+-----------+-------+-----------------+------------+-------------+-----------------+-----+--------+------+-----+----+------+-----+---------+----------------------+
| g0        | n/a   | BUFG/O          | None       |         843 |               1 | 831 |      3 |    5 |   0 |  0 |    0 |   0 |       0 | ClockGenerator/Clk   |
| g1        | n/a   | BUFG/O          | None       |          88 |               0 |  85 |      0 |    1 |   0 |  0 |    0 |   0 |       0 | ClockGenerator/Clk5M |
| g3        | n/a   | BUFG/O          | None       |         202 |               1 | 194 |      3 |    4 |   0 |  0 |    0 |   0 |       0 | ClockGenerator/CLK   |
+-----------+-------+-----------------+------------+-------------+-----------------+-----+--------+------+-----+----+------+-----+---------+----------------------+
* Clock Loads column represents the clock pin loads (pin count)
** Non-Clock Loads column represents the non-clock pin loads (pin count)
*** Columns FF, LUTRAM, RAMB through 'Hard IP' represents load cell counts


15. Clock Region Cell Placement per Global Clock: Region X0Y2
-------------------------------------------------------------

+-----------+-------+-----------------+------------+-------------+-----------------+------+--------+------+-----+----+------+-----+---------+----------------------+
| Global Id | Track | Driver Type/Pin | Constraint | Clock Loads | Non-Clock Loads | FF   | LUTRAM | RAMB | DSP | GT | MMCM | PLL | Hard IP | Net                  |
+-----------+-------+-----------------+------------+-------------+-----------------+------+--------+------+-----+----+------+-----+---------+----------------------+
| g0        | n/a   | BUFG/O          | None       |        3591 |               1 | 3591 |      0 |    0 |   0 |  0 |    0 |   0 |       0 | ClockGenerator/Clk   |
| g1        | n/a   | BUFG/O          | None       |           1 |               1 |    1 |      0 |    0 |   0 |  0 |    0 |   0 |       0 | ClockGenerator/Clk5M |
+-----------+-------+-----------------+------------+-------------+-----------------+------+--------+------+-----+----+------+-----+---------+----------------------+
* Clock Loads column represents the clock pin loads (pin count)
** Non-Clock Loads column represents the non-clock pin loads (pin count)
*** Columns FF, LUTRAM, RAMB through 'Hard IP' represents load cell counts


16. Clock Region Cell Placement per Global Clock: Region X1Y2
-------------------------------------------------------------

+-----------+-------+-----------------+------------+-------------+-----------------+------+--------+------+-----+----+------+-----+---------+------------------------+
| Global Id | Track | Driver Type/Pin | Constraint | Clock Loads | Non-Clock Loads | FF   | LUTRAM | RAMB | DSP | GT | MMCM | PLL | Hard IP | Net                    |
+-----------+-------+-----------------+------------+-------------+-----------------+------+--------+------+-----+----+------+-----+---------+------------------------+
| g0        | n/a   | BUFG/O          | None       |        2334 |               0 | 2333 |      0 |    0 |   0 |  0 |    0 |   0 |       0 | ClockGenerator/Clk     |
| g1        | n/a   | BUFG/O          | None       |          13 |               0 |   12 |      0 |    0 |   0 |  0 |    0 |   0 |       0 | ClockGenerator/Clk5M   |
| g2        | n/a   | BUFG/O          | None       |         256 |               0 |  256 |      0 |    0 |   0 |  0 |    0 |   0 |       0 | ClockGenerator/SyncClk |
| g3        | n/a   | BUFG/O          | None       |           0 |               1 |    0 |      0 |    0 |   0 |  0 |    0 |   0 |       0 | ClockGenerator/CLK     |
| g5        | n/a   | BUFG/O          | None       |           0 |               1 |    1 |      0 |    0 |   0 |  0 |    0 |   0 |       0 | TriggerSwitcher/D[0]   |
+-----------+-------+-----------------+------------+-------------+-----------------+------+--------+------+-----+----+------+-----+---------+------------------------+
* Clock Loads column represents the clock pin loads (pin count)
** Non-Clock Loads column represents the non-clock pin loads (pin count)
*** Columns FF, LUTRAM, RAMB through 'Hard IP' represents load cell counts



# Location of BUFG Primitives 
set_property LOC BUFGCTRL_X0Y1 [get_cells TriggerSwitcher/BUFG_TRIGGER]
set_property LOC BUFGCTRL_X0Y0 [get_cells START_ACQ_reg_i_1]
set_property LOC BUFGCTRL_X0Y19 [get_cells ClockGenerator/BUFG_SyncClk]
set_property LOC BUFGCTRL_X0Y17 [get_cells ClockGenerator/BUFG_5M]
set_property LOC BUFGCTRL_X0Y16 [get_cells ClockGenerator/BUFG_40M]
set_property LOC BUFGCTRL_X0Y18 [get_cells ClockGenerator/BUFG_IFCLK]

# Location of IO Primitives which is load of clock spine
set_property LOC IOB_X1Y121 [get_cells IFCLK_OBUF_inst]
set_property LOC IOB_X0Y132 [get_cells CommonControlSignalGenerator/Ck5M]
set_property LOC IOB_X0Y114 [get_cells CommonControlSignalGenerator/Ck40M]

# Location of clock ports
set_property LOC IOB_X1Y126 [get_ports CLKOUT]
set_property LOC IOB_X1Y124 [get_ports Clk40M]

# Clock net "TriggerSwitcher/D[0]" driven by instance "TriggerSwitcher/BUFG_TRIGGER" located at site "BUFGCTRL_X0Y1"
#startgroup
create_pblock {CLKAG_TriggerSwitcher/D[0]}
add_cells_to_pblock [get_pblocks  {CLKAG_TriggerSwitcher/D[0]}] [get_cells -filter { PRIMITIVE_GROUP != I/O && IS_PRIMITIVE==1 && PRIMITIVE_LEVEL !=INTERNAL } -of_object [get_pins -filter {DIRECTION==IN} -of_objects [get_nets -hierarchical -filter {PARENT=="TriggerSwitcher/D[0]"}]]]
resize_pblock [get_pblocks {CLKAG_TriggerSwitcher/D[0]}] -add {CLOCKREGION_X0Y1:CLOCKREGION_X0Y1 CLOCKREGION_X1Y2:CLOCKREGION_X1Y2}
#endgroup

# Clock net "MicrorocDaq/SingleStart" driven by instance "START_ACQ_reg_i_1" located at site "BUFGCTRL_X0Y0"
#startgroup
create_pblock {CLKAG_MicrorocDaq/SingleStart}
add_cells_to_pblock [get_pblocks  {CLKAG_MicrorocDaq/SingleStart}] [get_cells -filter { PRIMITIVE_GROUP != I/O && IS_PRIMITIVE==1 && PRIMITIVE_LEVEL !=INTERNAL } -of_object [get_pins -filter {DIRECTION==IN} -of_objects [get_nets -hierarchical -filter {PARENT=="MicrorocDaq/SingleStart"}]]]
resize_pblock [get_pblocks {CLKAG_MicrorocDaq/SingleStart}] -add {CLOCKREGION_X0Y1:CLOCKREGION_X0Y1}
#endgroup

# Clock net "ClockGenerator/SyncClk" driven by instance "ClockGenerator/BUFG_SyncClk" located at site "BUFGCTRL_X0Y19"
#startgroup
create_pblock {CLKAG_ClockGenerator/SyncClk}
add_cells_to_pblock [get_pblocks  {CLKAG_ClockGenerator/SyncClk}] [get_cells -filter { PRIMITIVE_GROUP != I/O && IS_PRIMITIVE==1 && PRIMITIVE_LEVEL !=INTERNAL } -of_object [get_pins -filter {DIRECTION==IN} -of_objects [get_nets -hierarchical -filter {PARENT=="ClockGenerator/SyncClk"}]]]
resize_pblock [get_pblocks {CLKAG_ClockGenerator/SyncClk}] -add {CLOCKREGION_X0Y1:CLOCKREGION_X0Y1 CLOCKREGION_X1Y2:CLOCKREGION_X1Y2}
#endgroup

# Clock net "ClockGenerator/Clk5M" driven by instance "ClockGenerator/BUFG_5M" located at site "BUFGCTRL_X0Y17"
#startgroup
create_pblock {CLKAG_ClockGenerator/Clk5M}
add_cells_to_pblock [get_pblocks  {CLKAG_ClockGenerator/Clk5M}] [get_cells -filter { PRIMITIVE_GROUP != I/O && IS_PRIMITIVE==1 && PRIMITIVE_LEVEL !=INTERNAL && NAME!=CommonControlSignalGenerator/Ck5M} -of_object [get_pins -filter {DIRECTION==IN} -of_objects [get_nets -hierarchical -filter {PARENT=="ClockGenerator/Clk5M"}]]]
resize_pblock [get_pblocks {CLKAG_ClockGenerator/Clk5M}] -add {CLOCKREGION_X0Y1:CLOCKREGION_X0Y1 CLOCKREGION_X0Y2:CLOCKREGION_X0Y2 CLOCKREGION_X1Y1:CLOCKREGION_X1Y1 CLOCKREGION_X1Y2:CLOCKREGION_X1Y2}
#endgroup

# Clock net "ClockGenerator/Clk" driven by instance "ClockGenerator/BUFG_40M" located at site "BUFGCTRL_X0Y16"
#startgroup
create_pblock {CLKAG_ClockGenerator/Clk}
add_cells_to_pblock [get_pblocks  {CLKAG_ClockGenerator/Clk}] [get_cells -filter { PRIMITIVE_GROUP != I/O && IS_PRIMITIVE==1 && PRIMITIVE_LEVEL !=INTERNAL && NAME!=CommonControlSignalGenerator/Ck40M} -of_object [get_pins -filter {DIRECTION==IN} -of_objects [get_nets -hierarchical -filter {PARENT=="ClockGenerator/Clk"}]]]
resize_pblock [get_pblocks {CLKAG_ClockGenerator/Clk}] -add {CLOCKREGION_X0Y1:CLOCKREGION_X0Y1 CLOCKREGION_X0Y2:CLOCKREGION_X0Y2 CLOCKREGION_X1Y1:CLOCKREGION_X1Y1 CLOCKREGION_X1Y2:CLOCKREGION_X1Y2}
#endgroup

# Clock net "ClockGenerator/CLK" driven by instance "ClockGenerator/BUFG_IFCLK" located at site "BUFGCTRL_X0Y18"
#startgroup
create_pblock {CLKAG_ClockGenerator/CLK}
add_cells_to_pblock [get_pblocks  {CLKAG_ClockGenerator/CLK}] [get_cells -filter { PRIMITIVE_GROUP != I/O && IS_PRIMITIVE==1 && PRIMITIVE_LEVEL !=INTERNAL && NAME!=IFCLK_OBUF_inst} -of_object [get_pins -filter {DIRECTION==IN} -of_objects [get_nets -hierarchical -filter {PARENT=="ClockGenerator/CLK"}]]]
resize_pblock [get_pblocks {CLKAG_ClockGenerator/CLK}] -add {CLOCKREGION_X1Y1:CLOCKREGION_X1Y1}
#endgroup
