Duplicated file found; will not be sent for synthesis: d:/MyProject/SDHCAL_DAQ/SDHCAL_DIF1V0/SDHCAL_DIF1V0.srcs/sources_1/ip/ConfigParameterFIFO/hdl/blk_mem_gen_v8_4_vhsyn_rfs.vhd
Duplicated file found; will not be sent for synthesis: d:/MyProject/SDHCAL_DAQ/SDHCAL_DIF1V0/SDHCAL_DIF1V0.srcs/sources_1/ip/ConfigParameterFIFO/hdl/fifo_generator_v13_2_vhsyn_rfs.vhd
Duplicated file found; will not be sent for synthesis: d:/MyProject/SDHCAL_DAQ/SDHCAL_DIF1V0/SDHCAL_DIF1V0.srcs/sources_1/ip/SCurveDataFifo/hdl/blk_mem_gen_v8_4_vhsyn_rfs.vhd
Duplicated file found; will not be sent for synthesis: d:/MyProject/SDHCAL_DAQ/SDHCAL_DIF1V0/SDHCAL_DIF1V0.srcs/sources_1/ip/SCurveDataFifo/hdl/fifo_generator_v13_2_vhsyn_rfs.vhd
Duplicated file found; will not be sent for synthesis: d:/MyProject/SDHCAL_DAQ/SDHCAL_DIF1V0/SDHCAL_DIF1V0.srcs/sources_1/ip/MicrorocChainDataFifo/hdl/blk_mem_gen_v8_4_vhsyn_rfs.vhd
Duplicated file found; will not be sent for synthesis: d:/MyProject/SDHCAL_DAQ/SDHCAL_DIF1V0/SDHCAL_DIF1V0.srcs/sources_1/ip/MicrorocChainDataFifo/hdl/fifo_generator_v13_2_vhsyn_rfs.vhd
Duplicated file found; will not be sent for synthesis: d:/MyProject/SDHCAL_DAQ/SDHCAL_DIF1V0/SDHCAL_DIF1V0.srcs/sources_1/ip/ExternalDataFifo/hdl/blk_mem_gen_v8_4_vhsyn_rfs.vhd
Duplicated file found; will not be sent for synthesis: d:/MyProject/SDHCAL_DAQ/SDHCAL_DIF1V0/SDHCAL_DIF1V0.srcs/sources_1/ip/ExternalDataFifo/hdl/fifo_generator_v13_2_vhsyn_rfs.vhd
CRC performance measure: elapsed=00:00:02s;;memory_peak=348.199MB;;memory_gain=0.000MB
